0000000000|log_test.cpp|11| Log file opened.
0000000000|log_test.cpp|15| Closing log file.
